[ryancv.bslthemes.com/system/index.html]
[backblue.gif]
[fade.gif]
[index.html]
[ryancv.bslthemes.com/system/wp-content/cache/autoptimize/5/css/autoptimize_74951334cef459c51b593e7e8aad4809.css]
[ryancv.bslthemes.com/system/comments/feed/index.html]
[ryancv.bslthemes.com/system/feed/index.html]
[bslthemes.com/bslthms-advanced-btns/assets/style.css]
[ryancv.bslthemes.com/system/wp-content/cache/autoptimize/5/css/autoptimize_single_9f9181131545abe6fd3e9683bf324914.css]
[ryancv.bslthemes.com/system/wp-content/cache/autoptimize/5/css/autoptimize_single_74dc528271857fb8c2bc2fc1c901873b.css]
[ryancv.bslthemes.com/system/wp-content/cache/autoptimize/5/css/autoptimize_single_cb360efa0e8203988bbbcb7bae553943.css]
[ryancv.bslthemes.com/system/wp-content/cache/autoptimize/5/css/autoptimize_single_b3f78d5ee4b823a717b0c1a4476242be.css]
[ryancv.bslthemes.com/system/wp-content/cache/autoptimize/5/css/autoptimize_single_f788166d0f31c6644932b554456fdf32.css]
[ryancv.bslthemes.com/system/wp-includes/js/jquery/jquery.min.js]
[ryancv.bslthemes.com/system/wp-content/uploads/sites/5/2023/04/cropped-logo4n-32x32.png]
[ryancv.bslthemes.com/system/wp-content/uploads/sites/5/2023/04/cropped-logo4n-192x192.png]
[ryancv.bslthemes.com/system/wp-content/uploads/sites/5/2023/04/cropped-logo4n-180x180.png]
[ryancv.bslthemes.com/system/wp-content/uploads/sites/5/2022/07/avatar1.png]
[ryancv.bslthemes.com/system/wp-content/uploads/sites/5/2022/07/pexels-mikhail-nilov-6963744.mp4]
[ryancv.bslthemes.com/system/wp-content/uploads/sites/5/2022/07/brand2_w-184x62.png]
[ryancv.bslthemes.com/system/2020/04/28/by-spite-about-do-of-allow/index.html]
[ryancv.bslthemes.com/system/2020/04/28/a-song-and-dance-act/index.html]
[ryancv.bslthemes.com/system/2020/04/28/music-player-design/index.html]
[ryancv.bslthemes.com/system/wp-content/uploads/sites/5/2022/07/brand3-184x62.png]
[ryancv.bslthemes.com/system/2020/04/28/designing-the-perfect/index.html]
[ryancv.bslthemes.com/system/2020/04/index.html]
[ryancv.bslthemes.com/system/2020/04/28/creativity-is-more-than/index.html]
[ryancv.bslthemes.com/system/wp-content/uploads/sites/5/2022/07/brand1_w-184x62.png]
[ryancv.bslthemes.com/system/category/code/index.html]
[ryancv.bslthemes.com/system/category/design/index.html]
[ryancv.bslthemes.com/system/wp-content/uploads/sites/5/2022/07/testi1-184x184.jpg]
[ryancv.bslthemes.com/system/category/music/index.html]
[ryancv.bslthemes.com/system/wp-content/uploads/sites/5/2022/07/avatar2-184x184.png]
[ryancv.bslthemes.com/system/wp-content/uploads/sites/5/2022/07/testi2-184x184.jpg]
[ryancv.bslthemes.com/system/wp-content/uploads/sites/5/2022/07/brand2_w.png]
[ryancv.bslthemes.com/system/wp-content/uploads/sites/5/2022/07/brand1_w.png]
[bslthemes.com/import/ryancv/sysadmin/uploads/2022/07/certificate.jpg]
[ryancv.bslthemes.com/system/wp-content/uploads/sites/5/2020/04/work1-1.jpg]
[ryancv.bslthemes.com/system/wp-content/uploads/sites/5/2020/04/work2-1.jpg]
[ryancv.bslthemes.com/system/portfolio-archive/imgix-data-servers/index.html]
[ryancv.bslthemes.com/system/portfolio-archive/speedcurve-performance-analytics/index.html]
[ryancv.bslthemes.com/system/wp-content/uploads/sites/5/2020/04/work5-1.jpg]
[ryancv.bslthemes.com/system/portfolio-archive/big-data-city/index.html]
[ryancv.bslthemes.com/system/wp-content/uploads/sites/5/2020/04/work3-1.jpg]
[ryancv.bslthemes.com/system/portfolio-archive/data-reporting-dashboard/index.html]
[ryancv.bslthemes.com/system/wp-content/uploads/sites/5/2020/04/work4-1.jpg]
[ryancv.bslthemes.com/system/wp-content/uploads/sites/5/2020/04/work6-1.jpg]
[ryancv.bslthemes.com/system/portfolio-archive/technology-share-chart/index.html]
[ryancv.bslthemes.com/system/wp-content/uploads/sites/5/2020/04/news1.jpg]
[ryancv.bslthemes.com/system/portfolio-archive/automation-system-production/index.html]
[ryancv.bslthemes.com/system/wp-content/uploads/sites/5/2020/04/blog1.jpg]
[ryancv.bslthemes.com/system/wp-content/uploads/sites/5/2020/04/blog3.jpg]
[ryancv.bslthemes.com/system/wp-content/uploads/sites/5/2020/04/news2.jpg]
[ryancv.bslthemes.com/system/wp-content/plugins/autoptimize/classes/external/js/lazysizes.min.js]
[ryancv.bslthemes.com/system/wp-content/cache/autoptimize/5/css/autoptimize_single_78fe77629c12a1b70d4e6dec72deb57c.css]
[ryancv.bslthemes.com/system/wp-content/cache/autoptimize/5/css/autoptimize_single_f2a825d973fcbe719b506d92090a9e95.css]
[bslthemes.com/bslthms-advanced-btns/assets/script.js]
[ryancv.bslthemes.com/system/index.html]
[ryancv.bslthemes.com/system/wp-content/cache/autoptimize/5/js/autoptimize_148d760497f61f8106b00550350d9cde.js]
[ryancv.bslthemes.com/system/wp-content/themes/ryancv/assets/images/quote.svg]
[ryancv.bslthemes.com/system/wp-content/themes/ryancv/assets/fonts/ionicons790f.eot]
[ryancv.bslthemes.com/system/wp-content/cache/autoptimize/5/css/autoptimize_74951334cef459c51b593e7e8aad4809.css]
[ryancv.bslthemes.com/system/wp-json/oembed/1.0/embed0cdb.json]
[ryancv.bslthemes.com/system/wp-json/oembed/1.0/embeddca2]
[bslthemes.com/bslthms-advanced-btns/assets/style.css]
[ryancv.bslthemes.com/system/wp-content/cache/autoptimize/5/css/autoptimize_single_9f9181131545abe6fd3e9683bf324914.css]
[ryancv.bslthemes.com/system/wp-content/themes/ryancv/assets/webfonts/fa-brands-400.eot]
[ryancv.bslthemes.com/system/wp-content/cache/autoptimize/5/css/autoptimize_single_74dc528271857fb8c2bc2fc1c901873b.css]
[ryancv.bslthemes.com/system/wp-content/cache/autoptimize/5/css/autoptimize_single_cb360efa0e8203988bbbcb7bae553943.css]
[ryancv.bslthemes.com/system/wp-content/themes/ryancv/assets/images/quote_d.svg]
[ryancv.bslthemes.com/system/wp-content/uploads/sites/5/elementor/google-fonts/fonts/roboto-kfo5cnqeu92fr1mu53zec9_vu3r1gihoszmkc3kawzu.woff2]
[ryancv.bslthemes.com/system/wp-content/cache/autoptimize/5/css/autoptimize_single_b3f78d5ee4b823a717b0c1a4476242be.css]
[ryancv.bslthemes.com/system/wp-content/uploads/sites/5/elementor/google-fonts/fonts/robotoslab-bngmuxzytxpivibgjjsb6ufa5qw54a.woff2]
[ryancv.bslthemes.com/system/wp-content/cache/autoptimize/5/css/autoptimize_single_f788166d0f31c6644932b554456fdf32.css]
[ryancv.bslthemes.com/system/wp-content/cache/autoptimize/5/css/autoptimize_06b92c49340bdf30a28823d8c9ebcd1d.css]
[ryancv.bslthemes.com/system/2020/04/28/by-spite-about-do-of-allow/feed/index.html]
[ryancv.bslthemes.com/system/author/oleksandr/index.html]
[bslthemes.com/ryancv/developer-demo/wp-content/uploads/2020/04/blog3-300x141.36.delayed]
[bslthemes.com/ryancv/developer-demo/wp-content/uploads/2020/04/blog2-300x141.jpg]
[www.google.com/recaptcha/apie99b.js]
[ryancv.bslthemes.com/system/tag/html/index.html]
[ryancv.bslthemes.com/system/tag/code/index.html]
[ryancv.bslthemes.com/system/2020/04/28/by-spite-about-do-of-allow/index.html]
[ryancv.bslthemes.com/system/wp-content/cache/autoptimize/5/js/autoptimize_8b8a01b73709d0c04f1a1d38061fbe7e.js]
[ryancv.bslthemes.com/system/tag/plugin/index.html]
[ryancv.bslthemes.com/system/tag/wordpress/index.html]
[ryancv.bslthemes.com/system/2020/04/28/a-song-and-dance-act/feed/index.html]
[ryancv.bslthemes.com/system/2020/04/28/a-song-and-dance-act/index.html]
[ryancv.bslthemes.com/system/2020/04/28/music-player-design/feed/index.html]
[ryancv.bslthemes.com/system/2020/04/28/music-player-design/index.html]
[ryancv.bslthemes.com/system/2020/04/28/designing-the-perfect/feed/index.html]
[ryancv.bslthemes.com/system/2020/04/28/designing-the-perfect/index.html]
[ryancv.bslthemes.com/system/2020/04/28/creativity-is-more-than/feed/index.html]
[ryancv.bslthemes.com/system/2020/04/28/creativity-is-more-than/index.html]
[ryancv.bslthemes.com/system/wp-content/uploads/sites/5/2020/04/news1-1000x660.jpg]
[ryancv.bslthemes.com/system/wp-content/uploads/sites/5/2020/04/news2-1000x660.jpg]
[ryancv.bslthemes.com/system/2020/04/page/2/index.html]
[ryancv.bslthemes.com/system/2020/04/index.html]
[ryancv.bslthemes.com/system/category/code/index.html]
[ryancv.bslthemes.com/system/category/design/index.html]
[ryancv.bslthemes.com/system/category/music/index.html]
[ryancv.bslthemes.com/system/category/code/feed/index.html]
[ryancv.bslthemes.com/system/category/design/feed/index.html]
[ryancv.bslthemes.com/system/wp-content/cache/autoptimize/5/js/autoptimize_0db13c69529a3262ac7e7159cd6926a8.js]
[ryancv.bslthemes.com/system/category/music/feed/index.html]
[ryancv.bslthemes.com/system/wp-content/cache/autoptimize/5/css/autoptimize_c9fad56ec9ea345f50363854afb7ebc4.css]
[ryancv.bslthemes.com/system/wp-content/cache/autoptimize/5/css/autoptimize_single_7758e48630f9aded6111bbfdfebcd94c.css]
[ryancv.bslthemes.com/system/wp-content/uploads/sites/5/2020/04/work1-2.jpg]
[ryancv.bslthemes.com/system/portfolio-archive/imgix-data-servers/index.html]
[ryancv.bslthemes.com/system/wp-content/cache/autoptimize/5/js/autoptimize_ba992ed392ddddb8cfae0c2c5f445c6b.js]
[ryancv.bslthemes.com/system/portfolio-archive/speedcurve-performance-analytics/index.html]
[ryancv.bslthemes.com/system/wp-content/cache/autoptimize/5/css/autoptimize_single_97a4f5a66e77a14d4aaf4b7258524938.css]
[ryancv.bslthemes.com/system/portfolio-archive/big-data-city/index.html]
[ryancv.bslthemes.com/system/wp-content/cache/autoptimize/5/css/autoptimize_single_23ea05c8832ef581fa1eab12b049c428.css]
[ryancv.bslthemes.com/system/portfolio-archive/data-reporting-dashboard/index.html]
[ryancv.bslthemes.com/system/wp-content/cache/autoptimize/5/css/autoptimize_single_050b36019bdd4605f26bd0d8be3a32ad.css]
[ryancv.bslthemes.com/system/portfolio-archive/technology-share-chart/index.html]
[ryancv.bslthemes.com/system/wp-content/cache/autoptimize/5/css/autoptimize_single_8899b6c8557de350c4b291b19f2049b1.css]
[ryancv.bslthemes.com/system/portfolio-archive/automation-system-production/index.html]
[ryancv.bslthemes.com/system/wp-content/cache/autoptimize/5/css/autoptimize_single_78fe77629c12a1b70d4e6dec72deb57c.css]
[ryancv.bslthemes.com/system/wp-content/cache/autoptimize/5/css/autoptimize_single_f2a825d973fcbe719b506d92090a9e95.css]
[ryancv.bslthemes.com/system/wp-content/themes/ryancv/assets/images/quote.svg]
[ryancv.bslthemes.com/system/wp-content/themes/ryancv/assets/images/quote_d.svg]
[ryancv.bslthemes.com/system/wp-content/cache/autoptimize/5/css/autoptimize_06b92c49340bdf30a28823d8c9ebcd1d.css]
[ryancv.bslthemes.com/system/wp-json/oembed/1.0/embed2412.json]
[ryancv.bslthemes.com/system/wp-json/oembed/1.0/embed4781]
[ryancv.bslthemes.com/system/indexb6ad.html]
[ryancv.bslthemes.com/system/author/oleksandr/index.html]
[bslthemes.com/ryancv/developer-demo/wp-content/uploads/2020/04/blog3-300x141.html]
[ryancv.bslthemes.com/system/wp-content/cache/autoptimize/5/css/autoptimize_single_ed81d29ebef9dd0dbc785272b28df262.css]
[bslthemes.com/ryancv/developer-demo/wp-content/uploads/2020/04/blog2-300x141.html]
[ryancv.bslthemes.com/system/tag/code/index.html]
[ryancv.bslthemes.com/system/author/oleksandr/feed/index.html]
[ryancv.bslthemes.com/system/tag/html/index.html]
[ryancv.bslthemes.com/system/tag/code/feed/index.html]
[ryancv.bslthemes.com/system/tag/code/page/2/index.html]
[ryancv.bslthemes.com/system/tag/plugin/index.html]
[ryancv.bslthemes.com/system/author/oleksandr/page/2/index.html]
[ryancv.bslthemes.com/system/tag/wordpress/index.html]
[ryancv.bslthemes.com/system/tag/html/feed/index.html]
[ryancv.bslthemes.com/system/tag/plugin/feed/index.html]
[ryancv.bslthemes.com/system/wp-json/oembed/1.0/embed0933.json]
[ryancv.bslthemes.com/system/tag/wordpress/feed/index.html]
[ryancv.bslthemes.com/system/tag/html/page/2/index.html]
[ryancv.bslthemes.com/system/wp-json/oembed/1.0/embedf37e]
[ryancv.bslthemes.com/system/index6f72.html]
[ryancv.bslthemes.com/system/wp-json/oembed/1.0/embed5384.json]
[ryancv.bslthemes.com/system/wp-json/oembed/1.0/embeda997]
[ryancv.bslthemes.com/system/index65d2.html]
[ryancv.bslthemes.com/system/wp-json/oembed/1.0/embed41b0.json]
[ryancv.bslthemes.com/system/wp-json/oembed/1.0/embed1d2e]
[ryancv.bslthemes.com/system/index8e15.html]
[ryancv.bslthemes.com/system/wp-json/oembed/1.0/embed600f.json]
[ryancv.bslthemes.com/system/wp-json/oembed/1.0/embedf11b]
[ryancv.bslthemes.com/system/index3fbb.html]
[ryancv.bslthemes.com/system/2020/04/page/2/index.html]
[ryancv.bslthemes.com/system/wp-content/cache/autoptimize/5/css/autoptimize_c9fad56ec9ea345f50363854afb7ebc4.css]
[ryancv.bslthemes.com/system/wp-json/oembed/1.0/embed6d2c.json]
[ryancv.bslthemes.com/system/wp-json/oembed/1.0/embed24bb]
[ryancv.bslthemes.com/system/wp-content/cache/autoptimize/5/css/autoptimize_single_7758e48630f9aded6111bbfdfebcd94c.css]
[ryancv.bslthemes.com/system/index287b.html]
[ryancv.bslthemes.com/system/wp-json/oembed/1.0/embed4fff.json]
[ryancv.bslthemes.com/system/wp-json/oembed/1.0/embed7b31]
[ryancv.bslthemes.com/system/wp-content/cache/autoptimize/5/css/autoptimize_single_97a4f5a66e77a14d4aaf4b7258524938.css]
[ryancv.bslthemes.com/system/indexbde5.html]
[ryancv.bslthemes.com/system/wp-json/oembed/1.0/embedb448.json]
[ryancv.bslthemes.com/system/wp-json/oembed/1.0/embed2510]
[ryancv.bslthemes.com/system/wp-content/cache/autoptimize/5/css/autoptimize_single_23ea05c8832ef581fa1eab12b049c428.css]
[ryancv.bslthemes.com/system/indexb135.html]
[ryancv.bslthemes.com/system/wp-json/oembed/1.0/embedc9eb.json]
[ryancv.bslthemes.com/system/wp-json/oembed/1.0/embed0ed6]
[ryancv.bslthemes.com/system/wp-content/cache/autoptimize/5/css/autoptimize_single_050b36019bdd4605f26bd0d8be3a32ad.css]
[ryancv.bslthemes.com/system/indexe839.html]
[ryancv.bslthemes.com/system/wp-json/oembed/1.0/embed10bd.json]
[ryancv.bslthemes.com/system/wp-json/oembed/1.0/embed1257]
[ryancv.bslthemes.com/system/wp-content/cache/autoptimize/5/css/autoptimize_single_8899b6c8557de350c4b291b19f2049b1.css]
[ryancv.bslthemes.com/system/index8cae.html]
[ryancv.bslthemes.com/system/wp-json/oembed/1.0/embed1237.json]
[ryancv.bslthemes.com/system/wp-json/oembed/1.0/embed1ade]
[ryancv.bslthemes.com/system/wp-content/cache/autoptimize/5/css/autoptimize_single_ed81d29ebef9dd0dbc785272b28df262.css]
[ryancv.bslthemes.com/system/index6cf3.html]
[ryancv.bslthemes.com/system/xmlrpc0db0.php]
[ryancv.bslthemes.com/system/author/oleksandr/page/2/index.html]
[ryancv.bslthemes.com/system/tag/code/page/2/index.html]
[ryancv.bslthemes.com/system/tag/html/page/2/index.html]
[ryancv.bslthemes.com/system/tag/plugin/page/2/index.html]
[ryancv.bslthemes.com/system/tag/plugin/page/2/index.html]
[ryancv.bslthemes.com/system/tag/wordpress/page/2/index.html]
[ryancv.bslthemes.com/system/tag/wordpress/page/2/index.html]
